<?xml version="1.0" encoding="UTF-8"?>
<TestRun id="d1165037-4f64-47cb-9e53-c1c627ad0dff" name="Admin@D21 2022-03-17 09:51:41" runUser="D21\Admin" xmlns="http://microsoft.com/schemas/VisualStudio/TeamTest/2010">
  <TestSettings name="Local" id="95556ae4-afe6-44a5-9e69-27dc9a38f9b2">
    <Description>These are default test settings for a local test run.</Description>
    <Deployment enabled="false" runDeploymentRoot="Admin_D21 2022-03-17 09_51_41">
      <DeploymentItem filename="D:\Visual Studio 2010\Projects\Bai1\Bai1\bin\Debug\Bai1.exe" />
      <DeploymentItem filename="D:\Visual Studio 2010\Projects\Bai1\Bai2\bin\Debug\Bai2.exe" />
    </Deployment>
    <Execution>
      <TestTypeSpecific />
      <AgentRule name="Execution Agents">
      </AgentRule>
    </Execution>
  </TestSettings>
  <Times creation="2022-03-17T09:51:41.2990001+07:00" queuing="2022-03-17T09:51:41.3710001+07:00" start="2022-03-17T09:51:41.3740001+07:00" finish="2022-03-17T09:51:41.6250001+07:00" />
  <ResultSummary outcome="Failed">
    <Counters total="8" executed="8" passed="4" error="0" failed="4" timeout="0" aborted="0" inconclusive="0" passedButRunAborted="0" notRunnable="0" notExecuted="0" disconnected="0" warning="0" completed="0" inProgress="0" pending="0" />
  </ResultSummary>
  <TestDefinitions>
    <UnitTest name="TestPower1" storage="d:\visual studio 2010\projects\bai1\dequytester\bin\debug\dequytester.dll" id="f2d2f585-6458-2aa5-6a09-a83373293bcd">
      <Execution id="67a0ff4f-0bba-4147-8199-104b7d55d253" />
      <TestMethod codeBase="D:/Visual Studio 2010/Projects/Bai1/DeQuyTester/bin/Debug/DeQuyTester.DLL" adapterTypeName="Microsoft.VisualStudio.TestTools.TestTypes.Unit.UnitTestAdapter, Microsoft.VisualStudio.QualityTools.Tips.UnitTest.Adapter, Version=10.0.0.0, Culture=neutral, PublicKeyToken=b03f5f7f11d50a3a" className="DeQuyTester.UnitTest1, DeQuyTester, Version=1.0.0.0, Culture=neutral, PublicKeyToken=null" name="TestPower1" />
    </UnitTest>
    <UnitTest name="TestWithDataSource" storage="d:\visual studio 2010\projects\bai1\dequytester\bin\debug\dequytester.dll" id="224366f9-123c-707b-78ce-5604250e5262">
      <Execution id="faa09bfa-685b-4a5f-b483-2f31402ec871" />
      <TestMethod codeBase="D:/Visual Studio 2010/Projects/Bai1/DeQuyTester/bin/Debug/DeQuyTester.DLL" adapterTypeName="Microsoft.VisualStudio.TestTools.TestTypes.Unit.UnitTestAdapter, Microsoft.VisualStudio.QualityTools.Tips.UnitTest.Adapter, Version=10.0.0.0, Culture=neutral, PublicKeyToken=b03f5f7f11d50a3a" className="DeQuyTester.UnitTest1, DeQuyTester, Version=1.0.0.0, Culture=neutral, PublicKeyToken=null" name="TestWithDataSource" />
      <DataSource connectionString="D:\Visual Studio 2010\Projects\Bai1\Bai1\TestData.csv" providerInvariantName="Microsoft.VisualStudio.TestTools.DataSource.CSV" tableName="TestData#csv" />
    </UnitTest>
    <UnitTest name="TestPower2" storage="d:\visual studio 2010\projects\bai1\dequytester\bin\debug\dequytester.dll" id="c2c7451b-0387-c5a9-473c-dc70f42e3848">
      <Execution id="49b2fc69-b31e-4883-84c3-a83e1c2741ab" />
      <TestMethod codeBase="D:/Visual Studio 2010/Projects/Bai1/DeQuyTester/bin/Debug/DeQuyTester.DLL" adapterTypeName="Microsoft.VisualStudio.TestTools.TestTypes.Unit.UnitTestAdapter, Microsoft.VisualStudio.QualityTools.Tips.UnitTest.Adapter, Version=10.0.0.0, Culture=neutral, PublicKeyToken=b03f5f7f11d50a3a" className="DeQuyTester.UnitTest1, DeQuyTester, Version=1.0.0.0, Culture=neutral, PublicKeyToken=null" name="TestPower2" />
    </UnitTest>
    <UnitTest name="PolynomialTrue" storage="d:\visual studio 2010\projects\bai1\dequytester\bin\debug\dequytester.dll" id="2902ec57-8860-a5db-3d7c-462d668a69eb">
      <Execution id="cf259fbf-4475-4968-ab39-c04c29b8fc34" />
      <TestMethod codeBase="D:/Visual Studio 2010/Projects/Bai1/DeQuyTester/bin/Debug/DeQuyTester.DLL" adapterTypeName="Microsoft.VisualStudio.TestTools.TestTypes.Unit.UnitTestAdapter, Microsoft.VisualStudio.QualityTools.Tips.UnitTest.Adapter, Version=10.0.0.0, Culture=neutral, PublicKeyToken=b03f5f7f11d50a3a" className="DeQuyTester.UnitTest1, DeQuyTester, Version=1.0.0.0, Culture=neutral, PublicKeyToken=null" name="PolynomialTrue" />
    </UnitTest>
    <UnitTest name="TestPower3" storage="d:\visual studio 2010\projects\bai1\dequytester\bin\debug\dequytester.dll" id="edbf2358-7e33-f1b0-3bb2-f51fe8cf4743">
      <Execution id="edcfc317-481b-4d67-be0a-997cf5781b4f" />
      <TestMethod codeBase="D:/Visual Studio 2010/Projects/Bai1/DeQuyTester/bin/Debug/DeQuyTester.DLL" adapterTypeName="Microsoft.VisualStudio.TestTools.TestTypes.Unit.UnitTestAdapter, Microsoft.VisualStudio.QualityTools.Tips.UnitTest.Adapter, Version=10.0.0.0, Culture=neutral, PublicKeyToken=b03f5f7f11d50a3a" className="DeQuyTester.UnitTest1, DeQuyTester, Version=1.0.0.0, Culture=neutral, PublicKeyToken=null" name="TestPower3" />
    </UnitTest>
  </TestDefinitions>
  <TestLists>
    <TestList name="Results Not in a List" id="8c84fa94-04c1-424b-9868-57a2d4851a1d" />
    <TestList name="All Loaded Results" id="19431567-8539-422a-85d7-44ee4e166bda" />
  </TestLists>
  <TestEntries>
    <TestEntry testId="224366f9-123c-707b-78ce-5604250e5262" executionId="faa09bfa-685b-4a5f-b483-2f31402ec871" testListId="8c84fa94-04c1-424b-9868-57a2d4851a1d" />
    <TestEntry testId="2902ec57-8860-a5db-3d7c-462d668a69eb" executionId="cf259fbf-4475-4968-ab39-c04c29b8fc34" testListId="8c84fa94-04c1-424b-9868-57a2d4851a1d" />
    <TestEntry testId="c2c7451b-0387-c5a9-473c-dc70f42e3848" executionId="49b2fc69-b31e-4883-84c3-a83e1c2741ab" testListId="8c84fa94-04c1-424b-9868-57a2d4851a1d" />
    <TestEntry testId="edbf2358-7e33-f1b0-3bb2-f51fe8cf4743" executionId="edcfc317-481b-4d67-be0a-997cf5781b4f" testListId="8c84fa94-04c1-424b-9868-57a2d4851a1d" />
    <TestEntry testId="f2d2f585-6458-2aa5-6a09-a83373293bcd" executionId="67a0ff4f-0bba-4147-8199-104b7d55d253" testListId="8c84fa94-04c1-424b-9868-57a2d4851a1d" />
  </TestEntries>
  <Results>
    <UnitTestResult executionId="faa09bfa-685b-4a5f-b483-2f31402ec871" testId="224366f9-123c-707b-78ce-5604250e5262" testName="TestWithDataSource" computerName="D21" duration="00:00:00.1088633" startTime="2022-03-17T09:51:41.3780001+07:00" endTime="2022-03-17T09:51:41.5790001+07:00" testType="13cdc9d9-ddb5-4fa4-a97d-d965ccfc6d4b" outcome="Failed" testListId="8c84fa94-04c1-424b-9868-57a2d4851a1d" relativeResultsDirectory="faa09bfa-685b-4a5f-b483-2f31402ec871" resultType="DataDrivenTest">
      <Counters error="0" failed="1" timeout="0" aborted="0" inconclusive="0" passedButRunAborted="0" notRunnable="0" notExecuted="0" disconnected="0" warning="0" passed="2" completed="0" inProgress="0" pending="0" />
      <InnerResults>
        <UnitTestResult executionId="4b408d66-c5d2-49d8-a16e-a97156496627" parentExecutionId="faa09bfa-685b-4a5f-b483-2f31402ec871" testId="224366f9-123c-707b-78ce-5604250e5262" testName="TestWithDataSource" computerName="D21" duration="00:00:00.0238711" startTime="2022-03-17T09:51:41.5400001+07:00" endTime="2022-03-17T09:51:41.5670001+07:00" testType="13cdc9d9-ddb5-4fa4-a97d-d965ccfc6d4b" outcome="Passed" testListId="8c84fa94-04c1-424b-9868-57a2d4851a1d" relativeResultsDirectory="faa09bfa-685b-4a5f-b483-2f31402ec871" dataRowInfo="0" resultType="DataDrivenDataRow" />
        <UnitTestResult executionId="3c0b37b5-f091-47ba-9729-667428cbf99e" parentExecutionId="faa09bfa-685b-4a5f-b483-2f31402ec871" testId="224366f9-123c-707b-78ce-5604250e5262" testName="TestWithDataSource" computerName="D21" duration="00:00:00.0095603" startTime="2022-03-17T09:51:41.5670001+07:00" endTime="2022-03-17T09:51:41.5760001+07:00" testType="13cdc9d9-ddb5-4fa4-a97d-d965ccfc6d4b" outcome="Failed" testListId="8c84fa94-04c1-424b-9868-57a2d4851a1d" relativeResultsDirectory="faa09bfa-685b-4a5f-b483-2f31402ec871" dataRowInfo="1" resultType="DataDrivenDataRow">
          <Output>
            <ErrorInfo>
              <Message>Assert.AreEqual failed. Expected:&lt;4&gt;. Actual:&lt;2&gt;. </Message>
              <StackTrace>   at DeQuyTester.UnitTest1.TestWithDataSource() in D:\Visual Studio 2010\Projects\Bai1\DeQuyTester\UnitTest1.cs:line 52
</StackTrace>
            </ErrorInfo>
          </Output>
        </UnitTestResult>
        <UnitTestResult executionId="281e44c0-965d-48bf-aecf-0aca3db53c27" parentExecutionId="faa09bfa-685b-4a5f-b483-2f31402ec871" testId="224366f9-123c-707b-78ce-5604250e5262" testName="TestWithDataSource" computerName="D21" duration="00:00:00.0000109" startTime="2022-03-17T09:51:41.5760001+07:00" endTime="2022-03-17T09:51:41.5760001+07:00" testType="13cdc9d9-ddb5-4fa4-a97d-d965ccfc6d4b" outcome="Passed" testListId="8c84fa94-04c1-424b-9868-57a2d4851a1d" relativeResultsDirectory="faa09bfa-685b-4a5f-b483-2f31402ec871" dataRowInfo="2" resultType="DataDrivenDataRow" />
      </InnerResults>
    </UnitTestResult>
    <UnitTestResult executionId="cf259fbf-4475-4968-ab39-c04c29b8fc34" testId="2902ec57-8860-a5db-3d7c-462d668a69eb" testName="PolynomialTrue" computerName="D21" duration="00:00:00.0177797" startTime="2022-03-17T09:51:41.5830001+07:00" endTime="2022-03-17T09:51:41.6020001+07:00" testType="13cdc9d9-ddb5-4fa4-a97d-d965ccfc6d4b" outcome="Failed" testListId="8c84fa94-04c1-424b-9868-57a2d4851a1d" relativeResultsDirectory="cf259fbf-4475-4968-ab39-c04c29b8fc34">
      <Output>
        <ErrorInfo>
          <Message>Test method DeQuyTester.UnitTest1.PolynomialTrue did not throw expected exception System.ArgumentException.</Message>
        </ErrorInfo>
      </Output>
    </UnitTestResult>
    <UnitTestResult executionId="49b2fc69-b31e-4883-84c3-a83e1c2741ab" testId="c2c7451b-0387-c5a9-473c-dc70f42e3848" testName="TestPower2" computerName="D21" duration="00:00:00.0009037" startTime="2022-03-17T09:51:41.6050001+07:00" endTime="2022-03-17T09:51:41.6070001+07:00" testType="13cdc9d9-ddb5-4fa4-a97d-d965ccfc6d4b" outcome="Failed" testListId="8c84fa94-04c1-424b-9868-57a2d4851a1d" relativeResultsDirectory="49b2fc69-b31e-4883-84c3-a83e1c2741ab">
      <Output>
        <ErrorInfo>
          <Message>Assert.AreEqual failed. Expected:&lt;4&gt;. Actual:&lt;2&gt;. </Message>
          <StackTrace>   at DeQuyTester.UnitTest1.TestPower2() in D:\Visual Studio 2010\Projects\Bai1\DeQuyTester\UnitTest1.cs:line 31
</StackTrace>
        </ErrorInfo>
      </Output>
    </UnitTestResult>
    <UnitTestResult executionId="edcfc317-481b-4d67-be0a-997cf5781b4f" testId="edbf2358-7e33-f1b0-3bb2-f51fe8cf4743" testName="TestPower3" computerName="D21" duration="00:00:00.0000911" startTime="2022-03-17T09:51:41.6110001+07:00" endTime="2022-03-17T09:51:41.6120001+07:00" testType="13cdc9d9-ddb5-4fa4-a97d-d965ccfc6d4b" outcome="Passed" testListId="8c84fa94-04c1-424b-9868-57a2d4851a1d" relativeResultsDirectory="edcfc317-481b-4d67-be0a-997cf5781b4f">
    </UnitTestResult>
    <UnitTestResult executionId="67a0ff4f-0bba-4147-8199-104b7d55d253" testId="f2d2f585-6458-2aa5-6a09-a83373293bcd" testName="TestPower1" computerName="D21" duration="00:00:00.0000863" startTime="2022-03-17T09:51:41.6150001+07:00" endTime="2022-03-17T09:51:41.6160001+07:00" testType="13cdc9d9-ddb5-4fa4-a97d-d965ccfc6d4b" outcome="Passed" testListId="8c84fa94-04c1-424b-9868-57a2d4851a1d" relativeResultsDirectory="67a0ff4f-0bba-4147-8199-104b7d55d253">
    </UnitTestResult>
  </Results>
</TestRun>